mode: set
go-backend-api/internal/services/base.go:17.51,36.2 5 0
go-backend-api/internal/services/mapping_service.go:23.70,28.2 1 0
go-backend-api/internal/services/mapping_service.go:30.98,32.2 1 0
go-backend-api/internal/services/mapping_service.go:34.75,36.2 1 0
go-backend-api/internal/services/mapping_service.go:38.108,47.16 3 0
go-backend-api/internal/services/mapping_service.go:47.16,49.3 1 0
go-backend-api/internal/services/mapping_service.go:51.2,51.22 1 0
go-backend-api/internal/services/product_service.go:29.70,34.2 1 0
go-backend-api/internal/services/product_service.go:40.119,43.16 2 0
go-backend-api/internal/services/product_service.go:43.16,45.3 1 0
go-backend-api/internal/services/product_service.go:48.2,49.16 2 0
go-backend-api/internal/services/product_service.go:49.16,51.3 1 0
go-backend-api/internal/services/product_service.go:54.2,55.35 2 0
go-backend-api/internal/services/product_service.go:55.35,62.3 3 0
go-backend-api/internal/services/product_service.go:64.2,64.20 1 0
go-backend-api/internal/services/product_service.go:68.86,88.39 17 0
go-backend-api/internal/services/product_service.go:88.39,90.44 1 0
go-backend-api/internal/services/product_service.go:90.44,92.4 1 0
go-backend-api/internal/services/product_service.go:95.2,95.19 1 0
go-backend-api/internal/services/product_service.go:99.130,104.52 2 0
go-backend-api/internal/services/product_service.go:104.52,105.57 1 0
go-backend-api/internal/services/product_service.go:105.57,107.4 1 0
go-backend-api/internal/services/product_service.go:110.2,110.15 1 0
go-backend-api/internal/services/product_service.go:113.145,116.16 2 0
go-backend-api/internal/services/product_service.go:116.16,118.3 1 0
go-backend-api/internal/services/product_service.go:120.2,132.31 4 0
go-backend-api/internal/services/product_service.go:132.31,140.17 4 0
go-backend-api/internal/services/product_service.go:140.17,147.12 3 0
go-backend-api/internal/services/product_service.go:150.3,151.49 2 0
go-backend-api/internal/services/product_service.go:155.2,157.44 2 0
go-backend-api/internal/services/product_service.go:157.44,159.17 2 0
go-backend-api/internal/services/product_service.go:159.17,166.12 3 0
go-backend-api/internal/services/product_service.go:169.3,172.31 2 0
go-backend-api/internal/services/product_service.go:172.31,180.4 1 0
go-backend-api/internal/services/product_service.go:183.2,186.48 2 0
go-backend-api/internal/services/product_service.go:186.48,188.3 1 0
go-backend-api/internal/services/product_service.go:190.2,190.22 1 0
go-backend-api/internal/services/product_service.go:194.92,201.16 5 1
go-backend-api/internal/services/product_service.go:201.16,203.3 1 0
go-backend-api/internal/services/product_service.go:205.2,205.23 1 1
go-backend-api/internal/services/product_service.go:205.23,207.3 1 1
go-backend-api/internal/services/product_service.go:209.2,209.22 1 1
go-backend-api/internal/services/product_service.go:209.22,211.3 1 1
go-backend-api/internal/services/product_service.go:214.2,216.33 2 1
go-backend-api/internal/services/product_service.go:216.33,218.3 1 1
go-backend-api/internal/services/product_service.go:221.2,221.33 1 1
go-backend-api/internal/services/product_service.go:221.33,222.19 1 1
go-backend-api/internal/services/product_service.go:222.19,224.4 1 1
go-backend-api/internal/services/product_service.go:227.2,228.31 2 1
go-backend-api/internal/services/product_service.go:232.101,234.28 2 1
go-backend-api/internal/services/product_service.go:234.28,235.23 1 1
go-backend-api/internal/services/product_service.go:235.23,237.4 1 1
go-backend-api/internal/services/product_service.go:239.2,239.20 1 1
go-backend-api/internal/services/product_service.go:243.112,262.59 2 1
go-backend-api/internal/services/product_service.go:262.59,264.3 1 1
go-backend-api/internal/services/product_service.go:265.2,265.53 1 1
go-backend-api/internal/services/product_service.go:265.53,267.3 1 1
go-backend-api/internal/services/product_service.go:268.2,268.56 1 1
go-backend-api/internal/services/product_service.go:268.56,270.3 1 1
go-backend-api/internal/services/product_service.go:273.2,273.23 1 1
go-backend-api/internal/services/product_service.go:273.23,275.3 1 1
go-backend-api/internal/services/product_service.go:276.2,276.24 1 1
go-backend-api/internal/services/product_service.go:276.24,278.3 1 1
go-backend-api/internal/services/product_service.go:280.2,280.21 1 1
go-backend-api/internal/services/product_service.go:283.64,284.44 1 1
go-backend-api/internal/services/product_service.go:284.44,287.3 2 1
go-backend-api/internal/services/product_service.go:288.2,288.11 1 1
go-backend-api/internal/services/product_service.go:291.65,292.44 1 1
go-backend-api/internal/services/product_service.go:292.44,293.26 1 1
go-backend-api/internal/services/product_service.go:294.16,295.13 1 1
go-backend-api/internal/services/product_service.go:296.15,298.15 2 1
go-backend-api/internal/services/product_service.go:298.15,300.5 1 1
go-backend-api/internal/services/product_service.go:301.4,302.53 2 1
go-backend-api/internal/services/product_service.go:302.53,304.5 1 1
go-backend-api/internal/services/product_service.go:305.12,307.13 2 1
go-backend-api/internal/services/product_service.go:310.2,310.12 1 1
go-backend-api/internal/services/product_service.go:313.61,314.44 1 1
go-backend-api/internal/services/product_service.go:314.44,315.26 1 1
go-backend-api/internal/services/product_service.go:316.14,317.13 1 1
go-backend-api/internal/services/product_service.go:318.16,320.13 2 1
go-backend-api/internal/services/product_service.go:321.15,323.15 2 1
go-backend-api/internal/services/product_service.go:323.15,325.5 1 1
go-backend-api/internal/services/product_service.go:327.4,327.32 1 1
go-backend-api/internal/services/product_service.go:327.32,329.5 1 1
go-backend-api/internal/services/product_service.go:330.4,331.53 2 1
go-backend-api/internal/services/product_service.go:331.53,333.5 1 1
go-backend-api/internal/services/product_service.go:334.12,336.13 2 1
go-backend-api/internal/services/product_service.go:339.2,339.12 1 1
go-backend-api/internal/services/template_service.go:22.73,27.2 1 0
go-backend-api/internal/services/template_service.go:29.111,38.16 3 0
go-backend-api/internal/services/template_service.go:38.16,40.3 1 0
go-backend-api/internal/services/template_service.go:42.2,42.22 1 0
go-backend-api/internal/services/template_service.go:45.77,47.2 1 0
